  Determining projects to restore...
  All projects are up-to-date for restore.
  ChinhNha.Domain -> D:\N─âm 4 - HK2 - ─ÉACS2\Code Web PhanBonChinhNha\src\ChinhNha.Domain\bin\Debug\net8.0\ChinhNha.Domain.dll
  ChinhNha.Application -> D:\N─âm 4 - HK2 - ─ÉACS2\Code Web PhanBonChinhNha\src\ChinhNha.Application\bin\Debug\net8.0\ChinhNha.Application.dll
  ChinhNha.Infrastructure -> D:\N─âm 4 - HK2 - ─ÉACS2\Code Web PhanBonChinhNha\src\ChinhNha.Infrastructure\bin\Debug\net8.0\ChinhNha.Infrastructure.dll
  ChinhNha.AI.Training -> D:\N─âm 4 - HK2 - ─ÉACS2\Code Web PhanBonChinhNha\tools\ChinhNha.AI.Training\bin\Debug\net8.0\ChinhNha.AI.Training.dll
D:\N─âm 4 - HK2 - ─ÉACS2\Code Web PhanBonChinhNha\src\ChinhNha.Web\Controllers\HomeController.cs(24,45): error CS0246: The type or namespace name 'ProductDto' could not be found (are you missing a using directive or an assembly reference?) [D:\N─âm 4 - HK2 - ─ÉACS2\Code Web PhanBonChinhNha\src\ChinhNha.Web\ChinhNha.Web.csproj]
D:\N─âm 4 - HK2 - ─ÉACS2\Code Web PhanBonChinhNha\src\ChinhNha.Web\Controllers\HomeController.cs(24,28): error CS0019: Operator '??' cannot be applied to operands of type 'List<ProductDto>' and 'List<ProductDto>' [D:\N─âm 4 - HK2 - ─ÉACS2\Code Web PhanBonChinhNha\src\ChinhNha.Web\ChinhNha.Web.csproj]
D:\N─âm 4 - HK2 - ─ÉACS2\Code Web PhanBonChinhNha\src\ChinhNha.Web\Controllers\ProductController.cs(34,44): warning CS8602: Dereference of a possibly null reference. [D:\N─âm 4 - HK2 - ─ÉACS2\Code Web PhanBonChinhNha\src\ChinhNha.Web\ChinhNha.Web.csproj]

Build FAILED.

D:\N─âm 4 - HK2 - ─ÉACS2\Code Web PhanBonChinhNha\src\ChinhNha.Web\Controllers\ProductController.cs(34,44): warning CS8602: Dereference of a possibly null reference. [D:\N─âm 4 - HK2 - ─ÉACS2\Code Web PhanBonChinhNha\src\ChinhNha.Web\ChinhNha.Web.csproj]
D:\N─âm 4 - HK2 - ─ÉACS2\Code Web PhanBonChinhNha\src\ChinhNha.Web\Controllers\HomeController.cs(24,45): error CS0246: The type or namespace name 'ProductDto' could not be found (are you missing a using directive or an assembly reference?) [D:\N─âm 4 - HK2 - ─ÉACS2\Code Web PhanBonChinhNha\src\ChinhNha.Web\ChinhNha.Web.csproj]
D:\N─âm 4 - HK2 - ─ÉACS2\Code Web PhanBonChinhNha\src\ChinhNha.Web\Controllers\HomeController.cs(24,28): error CS0019: Operator '??' cannot be applied to operands of type 'List<ProductDto>' and 'List<ProductDto>' [D:\N─âm 4 - HK2 - ─ÉACS2\Code Web PhanBonChinhNha\src\ChinhNha.Web\ChinhNha.Web.csproj]
    1 Warning(s)
    2 Error(s)

Time Elapsed 00:00:02.69
